// Jest Snapshot v1, https://goo.gl/fbAQLP

exports[`should render Header correctly 1`] = `
<header>
  <h3>
    Expensify
  </h3>
  <ul>
    <NavLink
      activeClassName="is-active"
      aria-current="page"
      exact={true}
      to="/"
    >
      Dashboard
    </NavLink>
    <NavLink
      activeClassName="is-active"
      aria-current="page"
      to="/create"
    >
      Create Expense
    </NavLink>
  </ul>
</header>
`;
