// Jest Snapshot v1, https://goo.gl/fbAQLP

exports[`should render NotFoundPage correctly 1`] = `
<div>
  404!!!! This is from my NotFoundPage component
  <br />
  <Link
    replace={false}
    to="/"
  >
    home
  </Link>
</div>
`;
